[app.usocialbot.com/index.html]
[backblue.gif]
[fade.gif]
[index.html]
[app.usocialbot.com/assets/img/favicon.png]
[app.usocialbot.com/assets/modules/jquery.min.js]
[app.usocialbot.com/assets/modules/sweetalert/sweetalert.min.js]
[app.usocialbot.com/assets/img/logo.png]
[app.usocialbot.com/home/forgot_password.html]
[app.usocialbot.com/home/sign_up.html]
[app.usocialbot.com/affiliate_master/affiliate_js_code]
[app.usocialbot.com/index.html]
[app.usocialbot.com/assets/modules/bootstrap/css/bootstrap.min.css]
[app.usocialbot.com/assets/modules/bootstrap-social/bootstrap-social.css]
[app.usocialbot.com/assets/modules/fontawesome/webfonts/fa-brands-400.eot]
[app.usocialbot.com/assets/modules/fontawesome/webfonts/fa-brands-400d41d.eot]
[app.usocialbot.com/assets/modules/fontawesome/webfonts/fa-brands-400.woff2]
[app.usocialbot.com/assets/modules/fontawesome/webfonts/fa-brands-400.woff]
[app.usocialbot.com/assets/modules/fontawesome/webfonts/fa-brands-400.ttf]
[app.usocialbot.com/assets/modules/fontawesome/webfonts/fa-regular-400.eot]
[app.usocialbot.com/assets/modules/fontawesome/webfonts/fa-regular-400d41d.eot]
[app.usocialbot.com/assets/modules/fontawesome/webfonts/fa-regular-400.woff2]
[app.usocialbot.com/assets/modules/fontawesome/webfonts/fa-regular-400.woff]
[app.usocialbot.com/assets/modules/fontawesome/webfonts/fa-regular-400.ttf]
[app.usocialbot.com/assets/modules/fontawesome/webfonts/fa-solid-900.eot]
[app.usocialbot.com/assets/modules/fontawesome/webfonts/fa-solid-900d41d.eot]
[app.usocialbot.com/assets/modules/fontawesome/webfonts/fa-solid-900.woff2]
[app.usocialbot.com/assets/modules/fontawesome/webfonts/fa-solid-900.woff]
[app.usocialbot.com/assets/modules/fontawesome/webfonts/fa-solid-900.ttf]
[app.usocialbot.com/assets/modules/fontawesome/css/all.min.css]
[app.usocialbot.com/assets/modules/fontawesome/css/v4-shims.min.css]
[app.usocialbot.com/assets/css/style.css]
[app.usocialbot.com/assets/css/components.css]
[app.usocialbot.com/assets/css/custom.css]
[app.usocialbot.com/home/forgot_password.html]
[app.usocialbot.com/home/terms_use.html]
[app.usocialbot.com/home/sign_up.html]
[app.usocialbot.com/assets/modules/fontawesome/webfonts/fa-brands-400.svg]
[app.usocialbot.com/assets/modules/fontawesome/webfonts/fa-regular-400.svg]
[app.usocialbot.com/assets/modules/fontawesome/webfonts/fa-solid-900.svg]
[app.usocialbot.com/home/assets/site_new/img/home/home-wave.html]
[app.usocialbot.com/home/assets/site_new/img/slider/slide-1.html]
[app.usocialbot.com/home/assets/site_new/img/slider/slide_1.html]
[app.usocialbot.com/home/assets/site_new/img/slider/slide_2.html]
[app.usocialbot.com/home/assets/site_new/img/mockups/app-area-mockup.html]
[app.usocialbot.com/home/assets/site_new/img/video/video-area-bg.html]
[app.usocialbot.com/home/assets/site_new/img/screenshot/screenshot-mobile-mockup.html]
[app.usocialbot.com/home/assets/site_new/img/mockups/hand-mockup.html]
[app.usocialbot.com/home/assets/site_new/img/mockups/map-mockup.html]
[app.usocialbot.com/home/assets/site_new/img/intro-bg.html]
[app.usocialbot.com/home/assets/site_new/img/promo/promo-mockup.html]
[app.usocialbot.com/home/assets/site_new/img/video/video-area-bg-2.html]
[app.usocialbot.com/home/assets/site_new/img/subscriber/subscriber-area-bg.html]
[app.usocialbot.com/home/assets/site_new/img/video/video-bg-3.html]
[app.usocialbot.com/home/assets/site_new/img/footer/footer-green-bg.html]
[app.usocialbot.com/home/assets/site_new/img/team/member-bg.html]
[app.usocialbot.com/home/assets/site_new/img/blog/blog-page-bg.html]
[app.usocialbot.com/home/assets/site_new/img/widgets-line.html]
[app.usocialbot.com/assets/site_new/js/vendor/modernizr-2.8.3.min.js]
[app.usocialbot.com/home/login.html]
[app.usocialbot.com/blog.html]
[app.usocialbot.com/home/privacy_policy.html]
[app.usocialbot.com/home/gdpr.html]
[app.usocialbot.com/assets/site_new/js/vendor/jquery-1.12.4.min.js]
[app.usocialbot.com/assets/site_new/js/vendor/bootstrap.min.js]
[app.usocialbot.com/assets/site_new/js/vendor/jquery.easing.1.3.js]
[app.usocialbot.com/assets/site_new/js/vendor/jquery-migrate-1.2.1.min.js]
[app.usocialbot.com/assets/site_new/js/vendor/jquery.appear.js]
[app.usocialbot.com/assets/site_new/js/owl.carousel.min.js]
[app.usocialbot.com/assets/site_new/js/slick.min.js]
[app.usocialbot.com/assets/site_new/js/stellar.js]
[app.usocialbot.com/assets/site_new/js/wow.min.js]
[app.usocialbot.com/assets/site_new/js/jquery-modal-video.min.js]
[app.usocialbot.com/assets/site_new/js/stellarnav.min.js]
[app.usocialbot.com/assets/site_new/js/contact-form.js]
[app.usocialbot.com/assets/site_new/js/jquery.ajaxchimp.js]
[app.usocialbot.com/assets/site_new/js/jquery.sticky.js]
[app.usocialbot.com/assets/site_new/js/main.js]
[app.usocialbot.com/home/terms_use.html]
[app.usocialbot.com/assets/site_new/css/normalize.css]
[app.usocialbot.com/assets/site_new/css/animate.css]
[app.usocialbot.com/assets/site_new/css/modal-video.min.css]
[app.usocialbot.com/assets/site_new/css/stellarnav.min.css]
[app.usocialbot.com/assets/site_new/img/owl.video.play.html]
[app.usocialbot.com/assets/site_new/css/owl.carousel.css]
[app.usocialbot.com/assets/site_new/css/slick.css]
[app.usocialbot.com/assets/site_new/fonts/glyphicons-halflings-regular.eot]
[app.usocialbot.com/assets/site_new/fonts/glyphicons-halflings-regulard41d.eot]
[app.usocialbot.com/assets/site_new/fonts/glyphicons-halflings-regular.woff2]
[app.usocialbot.com/assets/site_new/fonts/glyphicons-halflings-regular.woff]
[app.usocialbot.com/assets/site_new/fonts/glyphicons-halflings-regular.ttf]
[app.usocialbot.com/assets/site_new/css/bootstrap.min.css]
[app.usocialbot.com/assets/site_new/fonts/fontawesome-webfont5b62.eot]
[app.usocialbot.com/assets/site_new/fonts/fontawesome-webfontd41d.eot]
[app.usocialbot.com/assets/site_new/fonts/fontawesome-webfont5b62.woff2]
[app.usocialbot.com/assets/site_new/fonts/fontawesome-webfont5b62.woff]
[app.usocialbot.com/assets/site_new/fonts/fontawesome-webfont5b62.ttf]
[app.usocialbot.com/assets/site_new/css/font-awesome.min.css]
[app.usocialbot.com/assets/site_new/fonts/MaterialIcons-Regular.eot]
[app.usocialbot.com/assets/site_new/fonts/MaterialIcons-Regular.woff2]
[app.usocialbot.com/assets/site_new/fonts/MaterialIcons-Regular.woff]
[app.usocialbot.com/assets/site_new/fonts/MaterialIcons-Regular.ttf]
[app.usocialbot.com/assets/site_new/css/material-icons.css]
[app.usocialbot.com/home/assets/site_new/img/home/home-wave.html]
[app.usocialbot.com/home/assets/site_new/img/slider/slide-1.html]
[app.usocialbot.com/home/assets/site_new/img/slider/slide_1.html]
[app.usocialbot.com/home/assets/site_new/img/slider/slide_2.html]
[app.usocialbot.com/home/assets/site_new/img/mockups/app-area-mockup.html]
[app.usocialbot.com/home/assets/site_new/img/video/video-area-bg.html]
[app.usocialbot.com/home/assets/site_new/img/screenshot/screenshot-mobile-mockup.html]
[app.usocialbot.com/home/assets/site_new/img/mockups/hand-mockup.html]
[app.usocialbot.com/home/assets/site_new/img/mockups/map-mockup.html]
[app.usocialbot.com/home/assets/site_new/img/intro-bg.html]
[app.usocialbot.com/home/assets/site_new/img/promo/promo-mockup.html]
[app.usocialbot.com/home/assets/site_new/img/video/video-area-bg-2.html]
[app.usocialbot.com/home/assets/site_new/img/subscriber/subscriber-area-bg.html]
[app.usocialbot.com/home/assets/site_new/img/video/video-bg-3.html]
[app.usocialbot.com/home/assets/site_new/img/footer/footer-green-bg.html]
[app.usocialbot.com/home/assets/site_new/img/team/member-bg.html]
[app.usocialbot.com/home/assets/site_new/img/blog/blog-page-bg.html]
[app.usocialbot.com/home/assets/site_new/img/widgets-line.html]
[app.usocialbot.com/assets/site_new/css/responsive.css]
[app.usocialbot.com/home/login.html]
[app.usocialbot.com/assets/site_new/img/slider/slide-1.html]
[app.usocialbot.com/assets/site_new/img/slider/slide_1.html]
[app.usocialbot.com/assets/site_new/img/slider/slide_2.html]
[app.usocialbot.com/assets/site_new/img/mockups/app-area-mockup.html]
[app.usocialbot.com/assets/site_new/img/video/video-area-bg.html]
[app.usocialbot.com/assets/site_new/img/screenshot/screenshot-mobile-mockup.png]
[app.usocialbot.com/assets/site_new/img/mockups/hand-mockup.png]
[app.usocialbot.com/assets/site_new/img/mockups/map-mockup.html]
[app.usocialbot.com/assets/site_new/img/intro-bg.png]
[app.usocialbot.com/assets/site_new/img/promo/promo-mockup.png]
[app.usocialbot.com/assets/site_new/img/video/video-area-bg-2.jpg]
[app.usocialbot.com/assets/site_new/img/subscriber/subscriber-area-bg.html]
[app.usocialbot.com/assets/site_new/img/video/video-bg-3.html]
[app.usocialbot.com/assets/site_new/img/footer/footer-green-bg.html]
[app.usocialbot.com/assets/site_new/img/team/member-bg.html]
[app.usocialbot.com/assets/site_new/img/blog/blog-page-bg.html]
[app.usocialbot.com/assets/site_new/img/widgets-line.png]
[app.usocialbot.com/blog.html]
[app.usocialbot.com/home/privacy_policy.html]
[app.usocialbot.com/home/gdpr.html]
[app.usocialbot.com/assets/site_new/img/owl.video.play.html]
[app.usocialbot.com/assets/site_new/fonts/glyphicons-halflings-regular.svg]
[app.usocialbot.com/assets/site_new/fonts/fontawesome-webfont5b62.svg]
[app.usocialbot.com/assets/img/drawkit/drawkit-nature-man-colour.svg]
[app.usocialbot.com/assets/site_new/img/home/home-wave.svg]
[app.usocialbot.com/assets/site_new/img/slider/slide-1.html]
[app.usocialbot.com/assets/site_new/img/slider/slide_1.html]
[app.usocialbot.com/assets/site_new/img/slider/slide_2.html]
[app.usocialbot.com/assets/site_new/img/mockups/app-area-mockup.html]
[app.usocialbot.com/assets/site_new/img/video/video-area-bg.html]
[app.usocialbot.com/assets/site_new/img/mockups/map-mockup.html]
[app.usocialbot.com/assets/site_new/img/subscriber/subscriber-area-bg.html]
[app.usocialbot.com/assets/site_new/img/video/video-bg-3.html]
[app.usocialbot.com/assets/site_new/img/footer/footer-green-bg.html]
[app.usocialbot.com/assets/site_new/img/team/member-bg.html]
[app.usocialbot.com/assets/site_new/img/blog/blog-page-bg.html]
